xï¿½xï¿½xï¿½xï¿½xï¿½xï¿½xï¿½xï¿½xï¿½ï¿½sourceï¿½ets Jul 29 2019 12:21:46

rst:0x1 (POWERON_RESET),boot:0x13 (SPI_FAST_FLASH_BOOT)
configsip: 0, SPIWP:0xee
clk_drv:0x00,q_drv:0x00,d_drv:0x00,cs0_drv:0x00,hd_drv:0x00,wp_drv:0x00
mode:DIO, clock div:2
load:0x3fff0030,len:7084
ho 0 tail 12 room 4
load:0x40078000,len:15584
load:0x40080400,len:4
load:0x40080404,len:3876
entry 0x4008064c
[0;32mI (31) boot: ESP-IDF v5.1.1-dirty 2nd stage bootloader[0m
[0;32mI (31) boot: compile time Dec  4 2023 16:21:02[0m
[0;32mI (31) boot: Multicore bootloader[0m
[0;32mI (36) boot: chip revision: v3.0[0m
[0;32mI (40) boot.esp32: SPI Speed      : 40MHz[0m
[0;32mI (44) boot.esp32: SPI Mode       : DIO[0m
[0;32mI (49) boot.esp32: SPI Flash Size : 2MB[0m
[0;32mI (53) boot: Enabling RNG early entropy source...[0m
[0;32mI (59) boot: Partition Table:[0m
[0;32mI (62) boot: ## Label            Usage          Type ST Offset   Length[0m
[0;32mI (70) boot:  0 nvs              WiFi data        01 02 00009000 00006000[0m
[0;32mI (77) boot:  1 phy_init         RF data          01 01 0000f000 00001000[0m
[0;32mI (85) boot:  2 factory          factory app      00 00 00010000 00100000[0m
[0;32mI (92) boot: End of partition table[0m
[0;32mI (96) esp_image: segment 0: paddr=00010020 vaddr=3f400020 size=1fdb4h (130484) map[0m
[0;32mI (152) esp_image: segment 1: paddr=0002fddc vaddr=3ffb0000 size=0023ch (   572) load[0m
[0;32mI (152) esp_image: segment 2: paddr=00030020 vaddr=400d0020 size=7f1b0h (520624) map[0m
[0;32mI (346) esp_image: segment 3: paddr=000af1d8 vaddr=3ffb023c size=0347ch ( 13436) load[0m
[0;32mI (351) esp_image: segment 4: paddr=000b265c vaddr=40080000 size=15560h ( 87392) load[0m
[0;32mI (398) boot: Loaded app from partition at offset 0x10000[0m
[0;32mI (399) boot: Disabling RNG early entropy source...[0m
[0;32mI (410) cpu_start: Multicore app[0m
[0;32mI (410) cpu_start: Pro cpu up.[0m
[0;32mI (411) cpu_start: Starting app cpu, entry point is 0x4008137c[0m
[0;32mI (0) cpu_start: App cpu up.[0m
[0;32mI (428) cpu_start: Pro cpu start user code[0m
[0;32mI (428) cpu_start: cpu freq: 160000000 Hz[0m
[0;32mI (428) cpu_start: Application information:[0m
[0;32mI (433) cpu_start: Project name:     lab06[0m
[0;32mI (438) cpu_start: App version:      ac7f261-dirty[0m
[0;32mI (443) cpu_start: Compile time:     Dec  4 2023 16:17:30[0m
[0;32mI (449) cpu_start: ELF file SHA256:  10fce63bb763846c...[0m
[0;32mI (455) cpu_start: ESP-IDF:          v5.1.1-dirty[0m
[0;32mI (461) cpu_start: Min chip rev:     v0.0[0m
[0;32mI (465) cpu_start: Max chip rev:     v3.99 [0m
[0;32mI (470) cpu_start: Chip rev:         v3.0[0m
[0;32mI (475) heap_init: Initializing. RAM available for dynamic allocation:[0m
[0;32mI (482) heap_init: At 3FFAE6E0 len 00001920 (6 KiB): DRAM[0m
[0;32mI (488) heap_init: At 3FFB7788 len 00028878 (162 KiB): DRAM[0m
[0;32mI (495) heap_init: At 3FFE0440 len 00003AE0 (14 KiB): D/IRAM[0m
[0;32mI (501) heap_init: At 3FFE4350 len 0001BCB0 (111 KiB): D/IRAM[0m
[0;32mI (507) heap_init: At 40095560 len 0000AAA0 (42 KiB): IRAM[0m
[0;32mI (515) spi_flash: detected chip: generic[0m
[0;32mI (518) spi_flash: flash io: dio[0m
[0;33mW (522) spi_flash: Detected size(4096k) larger than the size in the binary image header(2048k). Using the size in the binary image header.[0m
[0;32mI (536) app_start: Starting scheduler on CPU0[0m
[0;32mI (540) app_start: Starting scheduler on CPU1[0m
[0;32mI (540) main_task: Started on CPU0[0m
[0;32mI (550) main_task: Calling app_main()[0m
[0;32mI (590) wifi station: ESP_WIFI_MODE_STA[0m
I (600) wifi:wifi driver task: 3ffbf844, prio:23, stack:6656, core=0
I (620) wifi:wifi firmware version: ce9244d
I (620) wifi:wifi certification version: v7.0
I (620) wifi:config NVS flash: enabled
I (620) wifi:config nano formating: disabled
I (620) wifi:Init data frame dynamic rx buffer num: 32
I (630) wifi:Init management frame dynamic rx buffer num: 32
I (630) wifi:Init management short buffer num: 32
I (640) wifi:Init dynamic tx buffer num: 32
I (640) wifi:Init static rx buffer size: 1600
I (650) wifi:Init static rx buffer num: 10
I (650) wifi:Init dynamic rx buffer num: 32
[0;32mI (650) wifi_init: rx ba win: 6[0m
[0;32mI (660) wifi_init: tcpip mbox: 32[0m
[0;32mI (660) wifi_init: udp mbox: 6[0m
[0;32mI (660) wifi_init: tcp mbox: 6[0m
[0;32mI (670) wifi_init: tcp tx win: 5744[0m
[0;32mI (670) wifi_init: tcp rx win: 5744[0m
[0;32mI (680) wifi_init: tcp mss: 1440[0m
[0;32mI (680) wifi_init: WiFi IRAM OP enabled[0m
[0;32mI (680) wifi_init: WiFi RX IRAM OP enabled[0m
[0;32mI (730) phy_init: phy_version 4670,719f9f6,Feb 18 2021,17:07:07[0m
I (830) wifi:mode : sta (c8:f0:9e:28:49:08)
I (830) wifi:enable tsf
[0;32mI (830) wifi station: wifi_init_sta finished.[0m
[0;32mI (3250) wifi station: retry to connect to the AP[0m
[0;32mI (3250) wifi station: connect to the AP fail[0m
[0;32mI (5660) wifi station: retry to connect to the AP[0m
[0;32mI (5660) wifi station: connect to the AP fail[0m
[0;32mI (8070) wifi station: retry to connect to the AP[0m
[0;32mI (8070) wifi station: connect to the AP fail[0m
[0;32mI (10480) wifi station: connect to the AP fail[0m
[0;32mI (10480) wifi station: Failed to connect to SSID:some_id, password:12345678[0m
[0;32mI (10480) main_task: Returned from app_main()[0m
