DRAMï¿½ets Jul 29 2019 12:21:46

rst:0x1 (POWERON_RESET),boot:0x13 (SPI_FAST_FLASH_BOOT)
configsip: 0, SPIWP:0xee
clk_drv:0x00,q_drv:0x00,d_drv:0x00,cs0_drv:0x00,hd_drv:0x00,wp_drv:0x00
mode:DIO, clock div:2
load:0x3fff0030,len:7084
ho 0 tail 12 room 4
load:0x40078000,len:15584
load:0x40080400,len:4
load:0x40080404,len:3876
entry 0x4008064c
[0;32mI (31) boot: ESP-IDF v5.1.1-dirty 2nd stage bootloader[0m
[0;32mI (31) boot: compile time Nov 17 2023 22:51:05[0m
[0;32mI (31) boot: Multicore bootloader[0m
[0;32mI (36) boot: chip revision: v3.0[0m
[0;32mI (40) boot.esp32: SPI Speed      : 40MHz[0m
[0;32mI (44) boot.esp32: SPI Mode       : DIO[0m
[0;32mI (49) boot.esp32: SPI Flash Size : 4MB[0m
[0;32mI (53) boot: Enabling RNG early entropy source...[0m
[0;32mI (59) boot: Partition Table:[0m
[0;32mI (62) boot: ## Label            Usage          Type ST Offset   Length[0m
[0;32mI (70) boot:  0 nvs              WiFi data        01 02 00009000 00006000[0m
[0;32mI (77) boot:  1 phy_init         RF data          01 01 0000f000 00001000[0m
[0;32mI (85) boot:  2 factory          factory app      00 00 00010000 00100000[0m
[0;32mI (92) boot: End of partition table[0m
[0;32mI (96) esp_image: segment 0: paddr=00010020 vaddr=3f400020 size=093c8h ( 37832) map[0m
[0;32mI (118) esp_image: segment 1: paddr=000193f0 vaddr=3ffb0000 size=020f0h (  8432) load[0m
[0;32mI (122) esp_image: segment 2: paddr=0001b4e8 vaddr=40080000 size=04b30h ( 19248) load[0m
[0;32mI (132) esp_image: segment 3: paddr=00020020 vaddr=400d0020 size=13af4h ( 80628) map[0m
[0;32mI (162) esp_image: segment 4: paddr=00033b1c vaddr=40084b30 size=07368h ( 29544) load[0m
[0;32mI (180) boot: Loaded app from partition at offset 0x10000[0m
[0;32mI (181) boot: Disabling RNG early entropy source...[0m
[0;32mI (192) cpu_start: Multicore app[0m
[0;32mI (192) cpu_start: Pro cpu up.[0m
[0;32mI (192) cpu_start: Starting app cpu, entry point is 0x400810e8[0m
[0;32mI (0) cpu_start: App cpu up.[0m
[0;32mI (210) cpu_start: Pro cpu start user code[0m
[0;32mI (210) cpu_start: cpu freq: 160000000 Hz[0m
[0;32mI (210) cpu_start: Application information:[0m
[0;32mI (215) cpu_start: Project name:     lab04[0m
[0;32mI (220) cpu_start: App version:      1.0[0m
[0;32mI (224) cpu_start: Compile time:     Nov 17 2023 22:50:37[0m
[0;32mI (231) cpu_start: ELF file SHA256:  fce8a9cedbc3e9ec...[0m
[0;32mI (237) cpu_start: ESP-IDF:          v5.1.1-dirty[0m
[0;32mI (242) cpu_start: Min chip rev:     v0.0[0m
[0;32mI (247) cpu_start: Max chip rev:     v3.99 [0m
[0;32mI (251) cpu_start: Chip rev:         v3.0[0m
[0;32mI (256) heap_init: Initializing. RAM available for dynamic allocation:[0m
[0;32mI (264) heap_init: At 3FFAE6E0 len 00001920 (6 KiB): DRAM[0m
[0;32mI (269) heap_init: At 3FFB2960 len 0002D6A0 (181 KiB): DRAM[0m
[0;32mI (276) heap_init: At 3FFE0440 len 00003AE0 (14 KiB): D/IRAM[0m
[0;32mI (282) heap_init: At 3FFE4350 len 0001BCB0 (111 KiB): D/IRAM[0m
[0;32mI (289) heap_init: At 4008BE98 len 00014168 (80 KiB): IRAM[0m
[0;32mI (296) spi_flash: detected chip: generic[0m
[0;32mI (299) spi_flash: flash io: dio[0m
[0;32mI (304) app_start: Starting scheduler on CPU0[0m
[0;32mI (308) app_start: Starting scheduler on CPU1[0m
[0;32mI (308) main_task: Started on CPU0[0m
[0;32mI (318) main_task: Calling app_main()[0m
[0;32mI (318) main_task: Returned from app_main()[0m
[0;32mI (318) LAB4: 10ms, NewJeans sing the 0: 
* Once you play God, once you play God[0m
[0;32mI (328) LAB4: 20ms, NewJeans sing, they "AVALIABLE" to sing[0m
* Once you play God, once you play God
[0;32mI (338) LAB4: No slot availible in queue, queue is full[0m
[0;32mI (348) LAB4: 40ms, NewJeans sing the 1: 
* They're gonna crumble one by one[0m
[0;32mI (348) LAB4: 40ms, NewJeans sing, they "AVALIABLE" to sing[0m
* They're gonna crumble one by one
[0;32mI (358) LAB4: No slot availible in queue, queue is full[0m
[0;32mI (368) LAB4: 60ms, NewJeans sing the 2: 
* Then we gon' ride right into the sun[0m
[0;32mI (378) LAB4: 70ms, NewJeans sing, they "AVALIABLE" to sing[0m
* Then we gon' ride right into the sun
[0;32mI (388) LAB4: No slot availible in queue, queue is full[0m
[0;32mI (388) LAB4: 80ms, NewJeans sing the 3: 
* Like it's the day my kingdom come[0m
[0;32mI (398) LAB4: 90ms, NewJeans sing, they "AVALIABLE" to sing[0m
* Like it's the day my kingdom come
[0;32mI (408) LAB4: No slot availible in queue, queue is full[0m
[0;32mI (418) LAB4: 110ms, NewJeans sing the 4: 
* Baby, we're[0m
[0;32mI (418) LAB4: 110ms, NewJeans sing, they "AVALIABLE" to sing[0m
* Baby, we're
[0;32mI (428) LAB4: No slot availible in queue, queue is full[0m
[0;32mI (438) LAB4: 130ms, NewJeans sing the 5: 
* Go-Go-Go-Go-Go-Gods[0m
[0;32mI (438) LAB4: 130ms, NewJeans sing, they "AVALIABLE" to sing[0m
* Go-Go-Go-Go-Go-Gods
[0;32mI (448) LAB4: 0 slot availible in queue[0m
[0;32mI (458) LAB4: 150ms, NewJeans sing the 20: 
* Got the bag![0m
[0;32mI (458) LAB4: 150ms, NewJeans do not sing anymore, they are "OVERLOADED"[0m
