260) heaï¿½ets Jul 29 2019 12:21:46

rst:0x1 (POWERON_RESET),boot:0x13 (SPI_FAST_FLASH_BOOT)
configsip: 0, SPIWP:0xee
clk_drv:0x00,q_drv:0x00,d_drv:0x00,cs0_drv:0x00,hd_drv:0x00,wp_drv:0x00
mode:DIO, clock div:2
load:0x3fff0030,len:7084
ho 0 tail 12 room 4
load:0x40078000,len:15584
load:0x40080400,len:4
load:0x40080404,len:3876
entry 0x4008064c
[0;32mI (31) boot: ESP-IDF v5.1.1-dirty 2nd stage bootloader[0m
[0;32mI (31) boot: compile time Nov 17 2023 22:51:05[0m
[0;32mI (31) boot: Multicore bootloader[0m
[0;32mI (36) boot: chip revision: v3.0[0m
[0;32mI (40) boot.esp32: SPI Speed      : 40MHz[0m
[0;32mI (44) boot.esp32: SPI Mode       : DIO[0m
[0;32mI (49) boot.esp32: SPI Flash Size : 4MB[0m
[0;32mI (53) boot: Enabling RNG early entropy source...[0m
[0;32mI (59) boot: Partition Table:[0m
[0;32mI (62) boot: ## Label            Usage          Type ST Offset   Length[0m
[0;32mI (70) boot:  0 nvs              WiFi data        01 02 00009000 00006000[0m
[0;32mI (77) boot:  1 phy_init         RF data          01 01 0000f000 00001000[0m
[0;32mI (85) boot:  2 factory          factory app      00 00 00010000 00100000[0m
[0;32mI (92) boot: End of partition table[0m
[0;32mI (96) esp_image: segment 0: paddr=00010020 vaddr=3f400020 size=09d20h ( 40224) map[0m
[0;32mI (119) esp_image: segment 1: paddr=00019d48 vaddr=3ffb0000 size=02158h (  8536) load[0m
[0;32mI (123) esp_image: segment 2: paddr=0001bea8 vaddr=40080000 size=04170h ( 16752) load[0m
[0;32mI (132) esp_image: segment 3: paddr=00020020 vaddr=400d0020 size=14adch ( 84700) map[0m
[0;32mI (164) esp_image: segment 4: paddr=00034b04 vaddr=40084170 size=07f1ch ( 32540) load[0m
[0;32mI (184) boot: Loaded app from partition at offset 0x10000[0m
[0;32mI (184) boot: Disabling RNG early entropy source...[0m
[0;32mI (196) cpu_start: Multicore app[0m
[0;32mI (196) cpu_start: Pro cpu up.[0m
[0;32mI (196) cpu_start: Starting app cpu, entry point is 0x400810f4[0m
[0;32mI (0) cpu_start: App cpu up.[0m
[0;32mI (214) cpu_start: Pro cpu start user code[0m
[0;32mI (214) cpu_start: cpu freq: 160000000 Hz[0m
[0;32mI (214) cpu_start: Application information:[0m
[0;32mI (219) cpu_start: Project name:     lab04[0m
[0;32mI (224) cpu_start: App version:      1.0[0m
[0;32mI (228) cpu_start: Compile time:     Nov 17 2023 22:50:37[0m
[0;32mI (234) cpu_start: ELF file SHA256:  8ead5f3f3db2c34a...[0m
[0;32mI (240) cpu_start: ESP-IDF:          v5.1.1-dirty[0m
[0;32mI (246) cpu_start: Min chip rev:     v0.0[0m
[0;32mI (250) cpu_start: Max chip rev:     v3.99 [0m
[0;32mI (255) cpu_start: Chip rev:         v3.0[0m
[0;32mI (260) heap_init: Initializing. RAM available for dynamic allocation:[0m
[0;32mI (267) heap_init: At 3FFAE6E0 len 00001920 (6 KiB): DRAM[0m
[0;32mI (273) heap_init: At 3FFB29C8 len 0002D638 (181 KiB): DRAM[0m
[0;32mI (279) heap_init: At 3FFE0440 len 00003AE0 (14 KiB): D/IRAM[0m
[0;32mI (286) heap_init: At 3FFE4350 len 0001BCB0 (111 KiB): D/IRAM[0m
[0;32mI (292) heap_init: At 4008C08C len 00013F74 (79 KiB): IRAM[0m
[0;32mI (300) spi_flash: detected chip: generic[0m
[0;32mI (303) spi_flash: flash io: dio[0m
[0;32mI (308) app_start: Starting scheduler on CPU0[0m
[0;32mI (312) app_start: Starting scheduler on CPU1[0m
[0;32mI (312) main_task: Started on CPU0[0m
[0;32mI (322) main_task: Calling app_main()[0m
********************************
* Setting...
* Done setting
********************************
* Queue length: 7
********************************
[0;32mI (332) main_task: Returned from app_main()[0m
[0;32mI (342) LAB4: [Send] at 30ms, Send item to queue, ID: 1 Topic: "Once you play God, once you play God"[0m
[0;32mI (352) LAB4: [QUEUE_NOT_FULL] 6 slot  left  in queue[0m

[0;32mI (352) LAB4: [Send] at 40ms, Send item to queue, ID: 2 Topic: "They're gonna crumble one by one"[0m
[0;32mI (362) LAB4: [QUEUE_NOT_FULL] 5 slot  left  in queue[0m

[0;32mI (372) LAB4: [Send] at 60ms, Send item to queue, ID: 3 Topic: "Then we gon' ride right into the sun"[0m
[0;32mI (382) LAB4: [QUEUE_NOT_FULL] 4 slot  left  in queue[0m

[0;32mI (382) LAB4: [Send] at 70ms, Send item to queue, ID: 4 Topic: "Like it's the day my kingdom come"[0m
[0;32mI (392) LAB4: [QUEUE_NOT_FULL] 3 slot  left  in queue[0m

[0;32mI (402) LAB4: [Send] at 90ms, Send item to queue, ID: 5 Topic: "Baby, we're"[0m
[0;32mI (412) LAB4: [QUEUE_NOT_FULL] 2 slot  left  in queue[0m

[0;32mI (412) LAB4: [Send] at 100ms, Send item to queue, ID: 6 Topic: "Go-Go-Go-Go-Go-Gods"[0m
[0;32mI (422) LAB4: [QUEUE_NOT_FULL] 1 slot  left  in queue[0m

[0;32mI (432) LAB4: [Send] at 120ms, Noise item, ID: 999 Topic: "!@#$&*.,#$/"[0m
[0;32mI (432) LAB4: [QUEUE_NOT_FULL] 0 slot  left  in queue[0m

[0;32mI (442) LAB4: [Send] at 130ms, Noise item, ID: 766 Topic: "!@#$&*.,#$/"[0m
[0;32mI (452) LAB4: [QUEUE_FULL] No slot availible in queue, queue is full[0m
* at 140ms, NewJeans do not want to sing anymore, they are "OVERLOADED"

[0;32mI (462) LAB4: [Send] at 150ms, Noise item, ID: 382 Topic: "g!@#g$&w*.,p#$/"[0m
[0;32mI (472) LAB4: [QUEUE_FULL] No slot availible in queue, queue is full[0m
* at 170ms, NewJeans do not want to sing anymore, they are "OVERLOADED"

[0;32mI (482) LAB4: at 170ms,LOUDER [0m
* not a noise
[0;32mI (1492) LAB4: at 1180ms,LOUDER [0m
* not a noise
[0;32mI (2492) LAB4: at 2180ms,LOUDER [0m
* not a noise
[0;32mI (3492) LAB4: at 3180ms,LOUDER [0m
* not a noise
[0;32mI (4492) LAB4: at 4180ms,LOUDER [0m
* not a noise
[0;32mI (5492) LAB4: at 5180ms,LOUDER [0m
* not a noise
[0;32mI (6492) LAB4: at 6180ms,LOUDER [0m
[0;32mI (6492) LAB4: at 6180, Found NOISE (VOLUME > 100) [0m
* !@#$&*.,#$/
