ï¿½ RAM avaiï¿½ets Jul 29 2019 12:21:46

rst:0x1 (POWERON_RESET),boot:0x13 (SPI_FAST_FLASH_BOOT)
configsip: 0, SPIWP:0xee
clk_drv:0x00,q_drv:0x00,d_drv:0x00,cs0_drv:0x00,hd_drv:0x00,wp_drv:0x00
mode:DIO, clock div:2
load:0x3fff0030,len:7084
ho 0 tail 12 room 4
load:0x40078000,len:15584
load:0x40080400,len:4
load:0x40080404,len:3876
entry 0x4008064c
[0;32mI (31) boot: ESP-IDF v5.1.1-dirty 2nd stage bootloader[0m
[0;32mI (31) boot: compile time Nov 17 2023 22:51:05[0m
[0;32mI (31) boot: Multicore bootloader[0m
[0;32mI (36) boot: chip revision: v3.0[0m
[0;32mI (40) boot.esp32: SPI Speed      : 40MHz[0m
[0;32mI (44) boot.esp32: SPI Mode       : DIO[0m
[0;32mI (49) boot.esp32: SPI Flash Size : 4MB[0m
[0;32mI (53) boot: Enabling RNG early entropy source...[0m
[0;32mI (59) boot: Partition Table:[0m
[0;32mI (62) boot: ## Label            Usage          Type ST Offset   Length[0m
[0;32mI (70) boot:  0 nvs              WiFi data        01 02 00009000 00006000[0m
[0;32mI (77) boot:  1 phy_init         RF data          01 01 0000f000 00001000[0m
[0;32mI (85) boot:  2 factory          factory app      00 00 00010000 00100000[0m
[0;32mI (92) boot: End of partition table[0m
[0;32mI (96) esp_image: segment 0: paddr=00010020 vaddr=3f400020 size=09e60h ( 40544) map[0m
[0;32mI (119) esp_image: segment 1: paddr=00019e88 vaddr=3ffb0000 size=02158h (  8536) load[0m
[0;32mI (123) esp_image: segment 2: paddr=0001bfe8 vaddr=40080000 size=04030h ( 16432) load[0m
[0;32mI (132) esp_image: segment 3: paddr=00020020 vaddr=400d0020 size=14c6ch ( 85100) map[0m
[0;32mI (164) esp_image: segment 4: paddr=00034c94 vaddr=40084030 size=08098h ( 32920) load[0m
[0;32mI (185) boot: Loaded app from partition at offset 0x10000[0m
[0;32mI (185) boot: Disabling RNG early entropy source...[0m
[0;32mI (196) cpu_start: Multicore app[0m
[0;32mI (196) cpu_start: Pro cpu up.[0m
[0;32mI (197) cpu_start: Starting app cpu, entry point is 0x400810fc[0m
[0;32mI (0) cpu_start: App cpu up.[0m
[0;32mI (214) cpu_start: Pro cpu start user code[0m
[0;32mI (214) cpu_start: cpu freq: 160000000 Hz[0m
[0;32mI (214) cpu_start: Application information:[0m
[0;32mI (219) cpu_start: Project name:     lab04[0m
[0;32mI (224) cpu_start: App version:      1.0[0m
[0;32mI (229) cpu_start: Compile time:     Nov 17 2023 22:50:37[0m
[0;32mI (235) cpu_start: ELF file SHA256:  ed89803fedbf434b...[0m
[0;32mI (241) cpu_start: ESP-IDF:          v5.1.1-dirty[0m
[0;32mI (246) cpu_start: Min chip rev:     v0.0[0m
[0;32mI (251) cpu_start: Max chip rev:     v3.99 [0m
[0;32mI (256) cpu_start: Chip rev:         v3.0[0m
[0;32mI (260) heap_init: Initializing. RAM available for dynamic allocation:[0m
[0;32mI (268) heap_init: At 3FFAE6E0 len 00001920 (6 KiB): DRAM[0m
[0;32mI (274) heap_init: At 3FFB29C8 len 0002D638 (181 KiB): DRAM[0m
[0;32mI (280) heap_init: At 3FFE0440 len 00003AE0 (14 KiB): D/IRAM[0m
[0;32mI (286) heap_init: At 3FFE4350 len 0001BCB0 (111 KiB): D/IRAM[0m
[0;32mI (293) heap_init: At 4008C0C8 len 00013F38 (79 KiB): IRAM[0m
[0;32mI (300) spi_flash: detected chip: generic[0m
[0;32mI (303) spi_flash: flash io: dio[0m
[0;32mI (308) app_start: Starting scheduler on CPU0[0m
[0;32mI (312) app_start: Starting scheduler on CPU1[0m
[0;32mI (312) main_task: Started on CPU0[0m
[0;32mI (322) main_task: Calling app_main()[0m
********************************
* Setting...
* Done setting
********************************
* Queue length: 10
* Max ID number: 100
********************************
[0;32mI (332) main_task: Returned from app_main()[0m
[0;32mI (342) LAB4: [Send] at 30ms, Send item to queue, ID: 1, Topic: "Once you play God, once you play God"[0m
[0;32mI (352) LAB4: [Queue] Successful! 9/10 slot left in queue[0m

[0;32mI (352) LAB4: [Send] at 40ms, Send item to queue, ID: 2, Topic: "They're gonna crumble one by one"[0m
[0;32mI (362) LAB4: [Queue] Successful! 8/10 slot left in queue[0m

[0;32mI (372) LAB4: [Send] at 60ms, Send item to queue, ID: 3, Topic: "Then we gon' ride right into the sun"[0m
[0;32mI (382) LAB4: [Queue] Successful! 7/10 slot left in queue[0m

[0;32mI (392) LAB4: [Send] at 80ms, [Noise item], ID: 999, Topic: "!@#$&*.,#$/"[0m
[0;32mI (392) LAB4: [Queue] Successful! 6/10 slot left in queue[0m

[0;32mI (402) LAB4: [Send] at 90ms, Send item to queue, ID: 4, Topic: "Like it's the day my kingdom come"[0m
[0;32mI (412) LAB4: [Queue] Successful! 5/10 slot left in queue[0m

[0;32mI (422) LAB4: [Send] at 110ms, Send item to queue, ID: 5, Topic: "Baby, we're"[0m
[0;32mI (422) LAB4: [Queue] Successful! 4/10 slot left in queue[0m

[0;32mI (432) LAB4: [Send] at 120ms, [Noise item], ID: 766, Topic: "!@#$&*.,#$/"[0m
[0;32mI (442) LAB4: [Queue] Successful! 3/10 slot left in queue[0m

[0;32mI (442) LAB4: [Send] at 130ms, Send item to queue, ID: 6, Topic: "Go-Go-Go-Go-Go-Gods"[0m
[0;32mI (452) LAB4: [Queue] Successful! 2/10 slot left in queue[0m

[0;32mI (462) LAB4: [Send] at 150ms, [Noise item], ID: 382, Topic: "g!@#g$&w*.,p#$/"[0m
[0;32mI (472) LAB4: [Queue] Successful! 1/10 slot left in queue[0m

[0;32mI (472) LAB4: [Receiver] at 160, Handle valid item  [0m
[0;32mI (482) LAB4: [Receiver] at 170, Excuted valid item, ID: 1, Topic: "Once you play God, once you play God"[0m
* NewJeans sing the 1
Once you play God, once you play God
[0;32mI (1492) LAB4: [Receiver] at 1180, Handle valid item  [0m
[0;32mI (1492) LAB4: [Receiver] at 1180, Excuted valid item, ID: 2, Topic: "They're gonna crumble one by one"[0m
* NewJeans sing the 2
They're gonna crumble one by one
[0;32mI (2492) LAB4: [Receiver] at 2180, Handle valid item  [0m
[0;32mI (2492) LAB4: [Receiver] at 2180, Excuted valid item, ID: 3, Topic: "Then we gon' ride right into the sun"[0m
* NewJeans sing the 3
Then we gon' ride right into the sun
[0;32mI (3472) LAB4: [Noise] at 3160, Found a NOISE (VOLUME > 100) [0m
[0;32mI (3472) LAB4: [Noise] at 3160, Remove noise, ID: 999, Topic: "!@#$&*.,#$/"[0m
* NewJeans not sing this noise sentence: !@#$&*.,#$/
[0;32mI (3502) LAB4: [Receiver] at 3190, Handle valid item  [0m
[0;32mI (3502) LAB4: [Receiver] at 3190, Excuted valid item, ID: 4, Topic: "Like it's the day my kingdom come"[0m
* NewJeans sing the 4
Like it's the day my kingdom come
[0;32mI (4502) LAB4: [Receiver] at 4190, Handle valid item  [0m
[0;32mI (4502) LAB4: [Receiver] at 4190, Excuted valid item, ID: 5, Topic: "Baby, we're"[0m
* NewJeans sing the 5
Baby, we're
[0;32mI (5472) LAB4: [Noise] at 5160, Found a NOISE (VOLUME > 100) [0m
[0;32mI (5472) LAB4: [Noise] at 5160, Remove noise, ID: 766, Topic: "!@#$&*.,#$/"[0m
* NewJeans not sing this noise sentence: !@#$&*.,#$/
[0;32mI (5502) LAB4: [Receiver] at 5190, Handle valid item  [0m
[0;32mI (5502) LAB4: [Receiver] at 5190, Excuted valid item, ID: 6, Topic: "Go-Go-Go-Go-Go-Gods"[0m
* NewJeans sing the 6
Go-Go-Go-Go-Go-Gods
[0;32mI (6472) LAB4: [Noise] at 6160, Found a NOISE (VOLUME > 100) [0m
[0;32mI (6472) LAB4: [Noise] at 6160, Remove noise, ID: 382, Topic: "g!@#g$&w*.,p#$/"[0m
* NewJeans not sing this noise sentence: g!@#g$&w*.,p#$/
